{dev 1 development [] axyz test}
{prod 2 waejfaeojai [] axyz test}
{y test other xyz}
test
test
fpllngzieyoh43e0133ols6k1hh2gdny
{{y test other xyz} a [aabbccddeeff]}
test2
test2
fpllngzieyoh43e0133ols6k1hh2gdny
{{y test other xyz} a [aabbccddee11]}
test3
test3
fpllngzieyoh43e0133ols6k1hh2gdny
test4
test4
fpllngzieyoh43e0133ols6k1hh2gdny
{{y test other xyz} a [aa11ccddeeff]}
test5
test5
fpllngzieyoh43e0133ols6k1hh2gdny
test6
test6
fpllngzieyoh43e0133ols6k1hh2gdny
{{y test other xyz} a [aabbccddee12]}
